// Jest Snapshot v1, https://goo.gl/fbAQLP

exports[`AddCustomer component matches snapshot 1`] = `
<div
  className="jss1"
  data-testid="add-customer"
>
  <h6
    className="jss6 jss16"
  >
    Aggiungi cliente
  </h6>
  <hr
    className="jss36 jss2"
  />
  <form
    className="jss3"
    data-testid="form"
    onSubmit={[Function]}
  >
    <div
      className="jss44 jss43 jss4"
    >
      <label
        className="jss60 jss48 jss54 jss57 jss59 jss66 jss52"
        data-shrink={false}
      >
        Nome
        <span
          aria-hidden={true}
          className="jss67 jss53"
        >
           
          *
        </span>
      </label>
      <div
        className="jss83 jss68 jss84"
        onClick={[Function]}
      >
        <input
          aria-invalid={false}
          autoComplete="off"
          autoFocus={false}
          className="jss94 jss78"
          data-testid="name"
          disabled={false}
          name="name"
          onAnimationStart={[Function]}
          onBlur={[Function]}
          onChange={[Function]}
          onFocus={[Function]}
          required={true}
          type="text"
        />
        <fieldset
          aria-hidden={true}
          className="jss101 jss77"
        >
          <legend
            className="jss103"
          >
            <span>
              Nome
               *
            </span>
          </legend>
        </fieldset>
      </div>
    </div>
    <div
      className="jss44 jss43 jss4"
    >
      <label
        className="jss60 jss48 jss54 jss57 jss59"
        data-shrink={false}
      >
        Cognome
      </label>
      <div
        className="jss83 jss68 jss84"
        onClick={[Function]}
      >
        <input
          aria-invalid={false}
          autoComplete="off"
          autoFocus={false}
          className="jss94 jss78"
          data-testid="surname"
          disabled={false}
          name="surname"
          onAnimationStart={[Function]}
          onBlur={[Function]}
          onChange={[Function]}
          onFocus={[Function]}
          required={false}
          type="text"
        />
        <fieldset
          aria-hidden={true}
          className="jss101 jss77"
        >
          <legend
            className="jss103"
          >
            <span>
              Cognome
            </span>
          </legend>
        </fieldset>
      </div>
    </div>
    <div
      className="jss44 jss43 jss4"
    >
      <label
        className="jss60 jss48 jss54 jss57 jss59"
        data-shrink={false}
      >
        Identificatore aggiuntivo
      </label>
      <div
        className="jss83 jss68 jss84"
        onClick={[Function]}
      >
        <input
          aria-invalid={false}
          autoComplete="off"
          autoFocus={false}
          className="jss94 jss78"
          data-testid="additionalIdentifier"
          disabled={false}
          name="additionalIdentifier"
          onAnimationStart={[Function]}
          onBlur={[Function]}
          onChange={[Function]}
          onFocus={[Function]}
          required={false}
          type="text"
        />
        <fieldset
          aria-hidden={true}
          className="jss101 jss77"
        >
          <legend
            className="jss103"
          >
            <span>
              Identificatore aggiuntivo
            </span>
          </legend>
        </fieldset>
      </div>
    </div>
    <div
      className="jss44 jss43 jss4"
    >
      <label
        className="jss60 jss48 jss54 jss57 jss59"
        data-shrink={false}
      >
        Telefono
      </label>
      <div
        className="jss83 jss68 jss84"
        onClick={[Function]}
      >
        <input
          aria-invalid={false}
          autoComplete="off"
          autoFocus={false}
          className="jss94 jss78"
          data-testid="phone"
          disabled={false}
          name="phone"
          onAnimationStart={[Function]}
          onBlur={[Function]}
          onChange={[Function]}
          onFocus={[Function]}
          required={false}
          type="text"
        />
        <fieldset
          aria-hidden={true}
          className="jss101 jss77"
        >
          <legend
            className="jss103"
          >
            <span>
              Telefono
            </span>
          </legend>
        </fieldset>
      </div>
    </div>
    <div
      className="jss44 jss43 jss4"
      format="dd/MM/yyyy"
      onClick={[Function]}
      onKeyDown={[Function]}
    >
      <label
        className="jss60 jss48 jss54 jss57 jss59"
        data-shrink={false}
      >
        Data di nascita
      </label>
      <div
        className="jss83 jss68 jss84"
        onClick={[Function]}
      >
        <input
          aria-invalid={false}
          autoFocus={false}
          className="jss94 jss78"
          data-testid="birthday"
          disabled={false}
          onAnimationStart={[Function]}
          onBlur={[Function]}
          onChange={[Function]}
          onFocus={[Function]}
          readOnly={true}
          required={false}
          type="text"
          value=""
        />
        <fieldset
          aria-hidden={true}
          className="jss101 jss77"
        >
          <legend
            className="jss103"
          >
            <span>
              Data di nascita
            </span>
          </legend>
        </fieldset>
      </div>
      
    </div>
    <div
      className="jss44 jss43 jss4"
    >
      <label
        className="jss60 jss48 jss54 jss57 jss59"
        data-shrink={false}
      >
        Note
      </label>
      <div
        className="jss83 jss68 jss84 jss91 jss76"
        onClick={[Function]}
      >
        <textarea
          aria-invalid={false}
          autoComplete="off"
          autoFocus={false}
          className="jss94 jss78 jss96 jss80"
          data-testid="notes"
          disabled={false}
          name="notes"
          onAnimationStart={[Function]}
          onBlur={[Function]}
          onChange={[Function]}
          onFocus={[Function]}
          required={false}
          rows={4}
        />
        <fieldset
          aria-hidden={true}
          className="jss101 jss77"
        >
          <legend
            className="jss103"
          >
            <span>
              Note
            </span>
          </legend>
        </fieldset>
      </div>
    </div>
    <div
      className="jss5"
    >
      <button
        className="jss153 jss124 jss132 jss133"
        data-testid="submit-button"
        disabled={false}
        onBlur={[Function]}
        onDragLeave={[Function]}
        onFocus={[Function]}
        onKeyDown={[Function]}
        onKeyUp={[Function]}
        onMouseDown={[Function]}
        onMouseLeave={[Function]}
        onMouseUp={[Function]}
        onTouchEnd={[Function]}
        onTouchMove={[Function]}
        onTouchStart={[Function]}
        tabIndex={0}
        type="submit"
      >
        <span
          className="jss125"
        >
          Aggiungi
        </span>
      </button>
      <button
        className="jss153 jss124 jss132 jss133"
        disabled={false}
        onBlur={[Function]}
        onClick={[Function]}
        onDragLeave={[Function]}
        onFocus={[Function]}
        onKeyDown={[Function]}
        onKeyUp={[Function]}
        onMouseDown={[Function]}
        onMouseLeave={[Function]}
        onMouseUp={[Function]}
        onTouchEnd={[Function]}
        onTouchMove={[Function]}
        onTouchStart={[Function]}
        tabIndex={0}
        type="button"
      >
        <span
          className="jss125"
        >
          Annulla
        </span>
      </button>
    </div>
  </form>
</div>
`;
